C:\Projects\Flowey.API\Flowey.DATACCESS\Abstract\IProjectRepository.cs(21,9): error CS0104: 'Task', 'Flowey.DOMAIN.Model.Concrete.Task' ile 'System.Threading.Tasks.Task' aras─▒nda belirsiz bir ba┼şvuru [C:\Projects\Flowey.API\Flowey.DATACCESS\Flowey.DATACCESS.csproj]
C:\Projects\Flowey.API\Flowey.DATACCESS\Abstract\IProjectRepository.cs(22,9): error CS0104: 'Task', 'Flowey.DOMAIN.Model.Concrete.Task' ile 'System.Threading.Tasks.Task' aras─▒nda belirsiz bir ba┼şvuru [C:\Projects\Flowey.API\Flowey.DATACCESS\Flowey.DATACCESS.csproj]
C:\Projects\Flowey.API\Flowey.DATACCESS\Abstract\IProjectRepository.cs(34,9): error CS0104: 'Task', 'Flowey.DOMAIN.Model.Concrete.Task' ile 'System.Threading.Tasks.Task' aras─▒nda belirsiz bir ba┼şvuru [C:\Projects\Flowey.API\Flowey.DATACCESS\Flowey.DATACCESS.csproj]
C:\Projects\Flowey.API\Flowey.DATACCESS\Abstract\IUserRepository.cs(22,9): error CS0104: 'Task', 'Flowey.DOMAIN.Model.Concrete.Task' ile 'System.Threading.Tasks.Task' aras─▒nda belirsiz bir ba┼şvuru [C:\Projects\Flowey.API\Flowey.DATACCESS\Flowey.DATACCESS.csproj]
C:\Projects\Flowey.API\Flowey.DATACCESS\Abstract\IStepRepository.cs(30,9): error CS0104: 'Task', 'Flowey.DOMAIN.Model.Concrete.Task' ile 'System.Threading.Tasks.Task' aras─▒nda belirsiz bir ba┼şvuru [C:\Projects\Flowey.API\Flowey.DATACCESS\Flowey.DATACCESS.csproj]
C:\Projects\Flowey.API\Flowey.DATACCESS\Concrete\ProjectRepository.cs(78,22): error CS0104: 'Task', 'Flowey.DOMAIN.Model.Concrete.Task' ile 'System.Threading.Tasks.Task' aras─▒nda belirsiz bir ba┼şvuru [C:\Projects\Flowey.API\Flowey.DATACCESS\Flowey.DATACCESS.csproj]
C:\Projects\Flowey.API\Flowey.DATACCESS\Concrete\ProjectRepository.cs(89,22): error CS0104: 'Task', 'Flowey.DOMAIN.Model.Concrete.Task' ile 'System.Threading.Tasks.Task' aras─▒nda belirsiz bir ba┼şvuru [C:\Projects\Flowey.API\Flowey.DATACCESS\Flowey.DATACCESS.csproj]
C:\Projects\Flowey.API\Flowey.DATACCESS\Concrete\ProjectRepository.cs(104,22): error CS0104: 'Task', 'Flowey.DOMAIN.Model.Concrete.Task' ile 'System.Threading.Tasks.Task' aras─▒nda belirsiz bir ba┼şvuru [C:\Projects\Flowey.API\Flowey.DATACCESS\Flowey.DATACCESS.csproj]
C:\Projects\Flowey.API\Flowey.DATACCESS\Concrete\UserRepository.cs(49,22): error CS0104: 'Task', 'Flowey.DOMAIN.Model.Concrete.Task' ile 'System.Threading.Tasks.Task' aras─▒nda belirsiz bir ba┼şvuru [C:\Projects\Flowey.API\Flowey.DATACCESS\Flowey.DATACCESS.csproj]
C:\Projects\Flowey.API\Flowey.DATACCESS\Concrete\StepRepository.cs(80,22): error CS0104: 'Task', 'Flowey.DOMAIN.Model.Concrete.Task' ile 'System.Threading.Tasks.Task' aras─▒nda belirsiz bir ba┼şvuru [C:\Projects\Flowey.API\Flowey.DATACCESS\Flowey.DATACCESS.csproj]
C:\Projects\Flowey.API\Flowey.DATACCESS\Concrete\TaskRepository.cs(38,27): error CS1983: Zaman uyumsuz bir metodun d├Ân├╝┼ş t├╝r├╝ void, Task, Task<T>, task benzeri bir t├╝r, IAsyncEnumerable<T> veya IAsyncEnumerator<T> olmal─▒d─▒r [C:\Projects\Flowey.API\Flowey.DATACCESS\Flowey.DATACCESS.csproj]
C:\Projects\Flowey.API\Flowey.DATACCESS\Concrete\TaskRepository.cs(53,27): error CS1983: Zaman uyumsuz bir metodun d├Ân├╝┼ş t├╝r├╝ void, Task, Task<T>, task benzeri bir t├╝r, IAsyncEnumerable<T> veya IAsyncEnumerator<T> olmal─▒d─▒r [C:\Projects\Flowey.API\Flowey.DATACCESS\Flowey.DATACCESS.csproj]
C:\Projects\Flowey.API\Flowey.DATACCESS\Concrete\TaskRepository.cs(68,27): error CS1983: Zaman uyumsuz bir metodun d├Ân├╝┼ş t├╝r├╝ void, Task, Task<T>, task benzeri bir t├╝r, IAsyncEnumerable<T> veya IAsyncEnumerator<T> olmal─▒d─▒r [C:\Projects\Flowey.API\Flowey.DATACCESS\Flowey.DATACCESS.csproj]

Olu┼şturma BA┼ŞARISIZ OLDU.
    4 Uyar─▒
    13 Hata

Ge├ğen S├╝re 00:00:00.56

─░┼ş y├╝k├╝ g├╝ncelle┼ştirmeleri var. Daha fazla bilgi i├ğin `dotnet workload list` ├ğal─▒┼şt─▒r─▒n.
